🔗 Found pyo3 bindings
🐍 Found CPython 3.13 at /projects/bfdz/zluo8/tool_and_judge2/.venv/bin/python
    Finished `release` profile [optimized] target(s) in 0.91s
📖 Found type stub file at codebase_rs.pyi
📦 Built wheel for CPython 3.13 to /tmp/.tmpg7qINJ/codebase_rs-0.1.0-cp313-cp313-linux_x86_64.whl
🛠 Installed codebase_rs-0.1.0
Traceback (most recent call last):
  File "/projects/bfdz/zluo8/tool_and_judge2/judge.py", line 463, in <module>
    asyncio.run(main_async())
    ~~~~~~~~~~~^^^^^^^^^^^^^^
  File "/sw/rh9.4/spack/v1.0.0/sw/linux-x86_64_v2/python-3.13.5-7bp2p4z/lib/python3.13/asyncio/runners.py", line 195, in run
    return runner.run(main)
           ~~~~~~~~~~^^^^^^
  File "/sw/rh9.4/spack/v1.0.0/sw/linux-x86_64_v2/python-3.13.5-7bp2p4z/lib/python3.13/asyncio/runners.py", line 118, in run
    return self._loop.run_until_complete(task)
           ~~~~~~~~~~~~~~~~~~~~~~~~~~~~~^^^^^^
  File "/sw/rh9.4/spack/v1.0.0/sw/linux-x86_64_v2/python-3.13.5-7bp2p4z/lib/python3.13/asyncio/base_events.py", line 725, in run_until_complete
    return future.result()
           ~~~~~~~~~~~~~^^
  File "/projects/bfdz/zluo8/tool_and_judge2/judge.py", line 323, in main_async
    asyncio.run(collect_all_perplexity_dataset_entries())
    ~~~~~~~~~~~^^^^^^^^^^^^^^^^^^^^^^^^^^^^^^^^^^^^^^^^^^
  File "/sw/rh9.4/spack/v1.0.0/sw/linux-x86_64_v2/python-3.13.5-7bp2p4z/lib/python3.13/asyncio/runners.py", line 191, in run
    raise RuntimeError(
        "asyncio.run() cannot be called from a running event loop")
RuntimeError: asyncio.run() cannot be called from a running event loop
<sys>:0: RuntimeWarning: coroutine 'main_async.<locals>.collect_all_perplexity_dataset_entries' was never awaited
