🔗 Found pyo3 bindings
🐍 Found CPython 3.13 at /projects/bfdz/zluo8/tool_and_judge2/.venv/bin/python
    Finished `release` profile [optimized] target(s) in 4.40s
📖 Found type stub file at codebase_rs.pyi
📦 Built wheel for CPython 3.13 to /tmp/.tmp0eahlp/codebase_rs-0.1.0-cp313-cp313-linux_x86_64.whl
🛠 Installed codebase_rs-0.1.0
🔗 Found pyo3 bindings
🐍 Found CPython 3.13 at /projects/bfdz/zluo8/tool_and_judge2/.venv/bin/python
    Finished `release` profile [optimized] target(s) in 0.42s
📖 Found type stub file at codebase_rs.pyi
📦 Built wheel for CPython 3.13 to /tmp/.tmpFnFXhX/codebase_rs-0.1.0-cp313-cp313-linux_x86_64.whl
🛠 Installed codebase_rs-0.1.0

thread '<unnamed>' panicked at src/judge/perplexity.rs:471:26:
Failed to parse correct one answer result entry: Error("invalid type: map, expected f64", line: 0, column: 0)
note: run with `RUST_BACKTRACE=1` environment variable to display a backtrace
Traceback (most recent call last):
  File "/projects/bfdz/zluo8/tool_and_judge2/judge.py", line 495, in <module>
    asyncio.run(main_async())
    ~~~~~~~~~~~^^^^^^^^^^^^^^
  File "/sw/rh9.4/spack/v1.0.0/sw/linux-x86_64_v2/python-3.13.5-7bp2p4z/lib/python3.13/asyncio/runners.py", line 195, in run
    return runner.run(main)
           ~~~~~~~~~~^^^^^^
  File "/sw/rh9.4/spack/v1.0.0/sw/linux-x86_64_v2/python-3.13.5-7bp2p4z/lib/python3.13/asyncio/runners.py", line 118, in run
    return self._loop.run_until_complete(task)
           ~~~~~~~~~~~~~~~~~~~~~~~~~~~~~^^^^^^
  File "/sw/rh9.4/spack/v1.0.0/sw/linux-x86_64_v2/python-3.13.5-7bp2p4z/lib/python3.13/asyncio/base_events.py", line 725, in run_until_complete
    return future.result()
           ~~~~~~~~~~~~~^^
  File "/projects/bfdz/zluo8/tool_and_judge2/judge.py", line 332, in main_async
    perplexity_prepare_generate_perplexity_aggregated_input(config, debug_limit=args.debug_limit)
    ~~~~~~~~~~~~~~~~~~~~~~~~~~~~~~~~~~~~~~~~~~~~~~~~~~~~~~~^^^^^^^^^^^^^^^^^^^^^^^^^^^^^^^^^^^^^^
pyo3_runtime.PanicException: Failed to parse correct one answer result entry: Error("invalid type: map, expected f64", line: 0, column: 0)
