🔗 Found pyo3 bindings
🐍 Found CPython 3.13 at /projects/bfdz/zluo8/tool_and_judge2/.venv/bin/python
   Compiling codebase_rs v0.1.0 (/projects/bfdz/zluo8/tool_and_judge2)
    Finished `release` profile [optimized] target(s) in 22.59s
📖 Found type stub file at codebase_rs.pyi
📦 Built wheel for CPython 3.13 to /tmp/.tmpHj9IcE/codebase_rs-0.1.0-cp313-cp313-linux_x86_64.whl
🛠 Installed codebase_rs-0.1.0

thread '<unnamed>' panicked at src/judge/perplexity.rs:356:9:
Mask entry is not valid for index 33, should have been filtered out in previous pass
note: run with `RUST_BACKTRACE=1` environment variable to display a backtrace
Traceback (most recent call last):
  File "/projects/bfdz/zluo8/tool_and_judge2/judge.py", line 462, in <module>
    asyncio.run(main_async())
    ~~~~~~~~~~~^^^^^^^^^^^^^^
  File "/sw/rh9.4/spack/v1.0.0/sw/linux-x86_64_v2/python-3.13.5-7bp2p4z/lib/python3.13/asyncio/runners.py", line 195, in run
    return runner.run(main)
           ~~~~~~~~~~^^^^^^
  File "/sw/rh9.4/spack/v1.0.0/sw/linux-x86_64_v2/python-3.13.5-7bp2p4z/lib/python3.13/asyncio/runners.py", line 118, in run
    return self._loop.run_until_complete(task)
           ~~~~~~~~~~~~~~~~~~~~~~~~~~~~~^^^^^^
  File "/sw/rh9.4/spack/v1.0.0/sw/linux-x86_64_v2/python-3.13.5-7bp2p4z/lib/python3.13/asyncio/base_events.py", line 725, in run_until_complete
    return future.result()
           ~~~~~~~~~~~~~^^
  File "/projects/bfdz/zluo8/tool_and_judge2/judge.py", line 273, in main_async
    perplexity_prepare_generate_styled_answers_input(config, debug_limit=args.debug_limit)
    ~~~~~~~~~~~~~~~~~~~~~~~~~~~~~~~~~~~~~~~~~~~~~~~~^^^^^^^^^^^^^^^^^^^^^^^^^^^^^^^^^^^^^^
pyo3_runtime.PanicException: Mask entry is not valid for index 33, should have been filtered out in previous pass
