🔗 Found pyo3 bindings
🐍 Found CPython 3.13 at /projects/bfdz/zluo8/tool_and_judge2/.venv/bin/python
    Finished `release` profile [optimized] target(s) in 2.57s
📖 Found type stub file at codebase_rs.pyi
📦 Built wheel for CPython 3.13 to /tmp/.tmpnPOHah/codebase_rs-0.1.0-cp313-cp313-linux_x86_64.whl
🛠 Installed codebase_rs-0.1.0
🔗 Found pyo3 bindings
🐍 Found CPython 3.13 at /projects/bfdz/zluo8/tool_and_judge2/.venv/bin/python
    Finished `release` profile [optimized] target(s) in 0.45s
📖 Found type stub file at codebase_rs.pyi
📦 Built wheel for CPython 3.13 to /tmp/.tmpXPlp04/codebase_rs-0.1.0-cp313-cp313-linux_x86_64.whl
🛠 Installed codebase_rs-0.1.0
`torch_dtype` is deprecated! Use `dtype` instead!
Loading checkpoint shards:   0%|          | 0/6 [00:00<?, ?it/s]Loading checkpoint shards:  17%|█▋        | 1/6 [00:03<00:16,  3.32s/it]Loading checkpoint shards:  33%|███▎      | 2/6 [00:06<00:13,  3.30s/it]Loading checkpoint shards:  50%|█████     | 3/6 [00:09<00:09,  3.28s/it]Loading checkpoint shards:  67%|██████▋   | 4/6 [00:13<00:06,  3.26s/it]Loading checkpoint shards:  83%|████████▎ | 5/6 [00:16<00:03,  3.20s/it]Loading checkpoint shards: 100%|██████████| 6/6 [00:19<00:00,  3.12s/it]Loading checkpoint shards: 100%|██████████| 6/6 [00:19<00:00,  3.19s/it]
[2025-12-30T18:26:21.150] error: NVML: Failed to get usage(999): Unknown Error
[2025-12-30T18:27:51.197] error: NVML: Failed to get usage(999): Unknown Error
[2025-12-30T18:27:53.211] error: NVML: Failed to get usage(999): Unknown Error
[2025-12-30T18:30:17.049] error: NVML: Failed to get usage(999): Unknown Error
[2025-12-30T18:30:18.056] error: NVML: Failed to get usage(999): Unknown Error
[2025-12-30T18:30:19.063] error: NVML: Failed to get usage(999): Unknown Error
[2025-12-30T18:32:36.096] error: NVML: Failed to get usage(999): Unknown Error
[2025-12-30T18:32:37.103] error: NVML: Failed to get usage(999): Unknown Error
[2025-12-30T18:32:38.110] error: NVML: Failed to get usage(999): Unknown Error
[2025-12-30T18:32:52.772] error: NVML: Failed to get usage(999): Unknown Error
[2025-12-30T18:32:53.779] error: NVML: Failed to get usage(999): Unknown Error
[2025-12-30T18:32:54.786] error: NVML: Failed to get usage(999): Unknown Error
[2025-12-30T18:33:23.217] error: NVML: Failed to get usage(999): Unknown Error
[2025-12-30T18:33:24.246] error: NVML: Failed to get usage(999): Unknown Error
[2025-12-30T18:33:25.257] error: NVML: Failed to get usage(999): Unknown Error
[2025-12-30T18:33:52.773] error: NVML: Failed to get usage(999): Unknown Error
[2025-12-30T18:33:53.780] error: NVML: Failed to get usage(999): Unknown Error
[2025-12-30T18:33:54.786] error: NVML: Failed to get usage(999): Unknown Error
[2025-12-30T18:34:23.210] error: NVML: Failed to get usage(999): Unknown Error
[2025-12-30T18:34:24.243] error: NVML: Failed to get usage(999): Unknown Error
[2025-12-30T18:34:25.255] error: NVML: Failed to get usage(999): Unknown Error
[2025-12-30T18:34:52.772] error: NVML: Failed to get usage(999): Unknown Error
[2025-12-30T18:34:53.779] error: NVML: Failed to get usage(999): Unknown Error
[2025-12-30T18:34:54.785] error: NVML: Failed to get usage(999): Unknown Error
[2025-12-30T18:35:22.216] error: NVML: Failed to get usage(999): Unknown Error
[2025-12-30T18:35:24.247] error: NVML: Failed to get usage(999): Unknown Error
[2025-12-30T18:35:25.259] error: NVML: Failed to get usage(999): Unknown Error
[2025-12-30T18:35:52.772] error: NVML: Failed to get usage(999): Unknown Error
[2025-12-30T18:35:53.779] error: NVML: Failed to get usage(999): Unknown Error
[2025-12-30T18:35:54.786] error: NVML: Failed to get usage(999): Unknown Error
[2025-12-30T18:36:22.212] error: NVML: Failed to get usage(999): Unknown Error
[2025-12-30T18:36:24.245] error: NVML: Failed to get usage(999): Unknown Error
[2025-12-30T18:36:25.255] error: NVML: Failed to get usage(999): Unknown Error
[2025-12-30T18:36:52.772] error: NVML: Failed to get usage(999): Unknown Error
[2025-12-30T18:36:53.779] error: NVML: Failed to get usage(999): Unknown Error
[2025-12-30T18:36:54.786] error: NVML: Failed to get usage(999): Unknown Error
[2025-12-30T18:37:22.209] error: NVML: Failed to get usage(999): Unknown Error
[2025-12-30T18:37:24.244] error: NVML: Failed to get usage(999): Unknown Error
[2025-12-30T18:37:25.254] error: NVML: Failed to get usage(999): Unknown Error
[2025-12-30T18:37:52.772] error: NVML: Failed to get usage(999): Unknown Error
[2025-12-30T18:37:53.779] error: NVML: Failed to get usage(999): Unknown Error
[2025-12-30T18:37:54.786] error: NVML: Failed to get usage(999): Unknown Error
[2025-12-30T18:38:22.212] error: NVML: Failed to get usage(999): Unknown Error
[2025-12-30T18:38:24.241] error: NVML: Failed to get usage(999): Unknown Error
[2025-12-30T18:38:25.252] error: NVML: Failed to get usage(999): Unknown Error
[2025-12-30T18:38:52.772] error: NVML: Failed to get usage(999): Unknown Error
[2025-12-30T18:38:53.779] error: NVML: Failed to get usage(999): Unknown Error
[2025-12-30T18:38:54.786] error: NVML: Failed to get usage(999): Unknown Error
[2025-12-30T18:39:23.220] error: NVML: Failed to get usage(999): Unknown Error
[2025-12-30T18:39:24.247] error: NVML: Failed to get usage(999): Unknown Error
[2025-12-30T18:39:25.259] error: NVML: Failed to get usage(999): Unknown Error
[2025-12-30T18:39:52.772] error: NVML: Failed to get usage(999): Unknown Error
[2025-12-30T18:39:53.779] error: NVML: Failed to get usage(999): Unknown Error
[2025-12-30T18:39:54.786] error: NVML: Failed to get usage(999): Unknown Error
[2025-12-30T18:40:23.220] error: NVML: Failed to get usage(999): Unknown Error
[2025-12-30T18:40:24.246] error: NVML: Failed to get usage(999): Unknown Error
[2025-12-30T18:40:25.258] error: NVML: Failed to get usage(999): Unknown Error
[2025-12-30T18:40:52.772] error: NVML: Failed to get usage(999): Unknown Error
[2025-12-30T18:40:53.779] error: NVML: Failed to get usage(999): Unknown Error
[2025-12-30T18:40:54.786] error: NVML: Failed to get usage(999): Unknown Error
[2025-12-30T18:41:23.210] error: NVML: Failed to get usage(999): Unknown Error
[2025-12-30T18:41:24.243] error: NVML: Failed to get usage(999): Unknown Error
[2025-12-30T18:41:25.254] error: NVML: Failed to get usage(999): Unknown Error
[2025-12-30T18:41:52.772] error: NVML: Failed to get usage(999): Unknown Error
[2025-12-30T18:41:53.779] error: NVML: Failed to get usage(999): Unknown Error
[2025-12-30T18:41:54.786] error: NVML: Failed to get usage(999): Unknown Error
[2025-12-30T18:42:23.217] error: NVML: Failed to get usage(999): Unknown Error
[2025-12-30T18:42:24.245] error: NVML: Failed to get usage(999): Unknown Error
[2025-12-30T18:42:25.256] error: NVML: Failed to get usage(999): Unknown Error
[2025-12-30T18:42:52.772] error: NVML: Failed to get usage(999): Unknown Error
[2025-12-30T18:42:53.779] error: NVML: Failed to get usage(999): Unknown Error
[2025-12-30T18:42:54.786] error: NVML: Failed to get usage(999): Unknown Error
[2025-12-30T18:43:23.216] error: NVML: Failed to get usage(999): Unknown Error
[2025-12-30T18:43:24.244] error: NVML: Failed to get usage(999): Unknown Error
[2025-12-30T18:43:25.255] error: NVML: Failed to get usage(999): Unknown Error
[2025-12-30T18:43:52.772] error: NVML: Failed to get usage(999): Unknown Error
[2025-12-30T18:43:53.779] error: NVML: Failed to get usage(999): Unknown Error
[2025-12-30T18:43:54.786] error: NVML: Failed to get usage(999): Unknown Error
[2025-12-30T18:44:23.221] error: NVML: Failed to get usage(999): Unknown Error
[2025-12-30T18:44:24.249] error: NVML: Failed to get usage(999): Unknown Error
[2025-12-30T18:44:25.260] error: NVML: Failed to get usage(999): Unknown Error
[2025-12-30T18:44:52.772] error: NVML: Failed to get usage(999): Unknown Error
[2025-12-30T18:44:53.779] error: NVML: Failed to get usage(999): Unknown Error
[2025-12-30T18:44:54.786] error: NVML: Failed to get usage(999): Unknown Error
[2025-12-30T18:45:22.210] error: NVML: Failed to get usage(999): Unknown Error
[2025-12-30T18:45:24.244] error: NVML: Failed to get usage(999): Unknown Error
[2025-12-30T18:45:25.255] error: NVML: Failed to get usage(999): Unknown Error
[2025-12-30T18:45:52.772] error: NVML: Failed to get usage(999): Unknown Error
[2025-12-30T18:45:53.779] error: NVML: Failed to get usage(999): Unknown Error
[2025-12-30T18:45:54.786] error: NVML: Failed to get usage(999): Unknown Error
[2025-12-30T18:46:23.219] error: NVML: Failed to get usage(999): Unknown Error
[2025-12-30T18:46:24.245] error: NVML: Failed to get usage(999): Unknown Error
[2025-12-30T18:46:25.256] error: NVML: Failed to get usage(999): Unknown Error
[2025-12-30T18:46:52.772] error: NVML: Failed to get usage(999): Unknown Error
[2025-12-30T18:46:53.779] error: NVML: Failed to get usage(999): Unknown Error
[2025-12-30T18:46:54.786] error: NVML: Failed to get usage(999): Unknown Error
[2025-12-30T18:47:23.219] error: NVML: Failed to get usage(999): Unknown Error
[2025-12-30T18:47:24.245] error: NVML: Failed to get usage(999): Unknown Error
[2025-12-30T18:47:25.256] error: NVML: Failed to get usage(999): Unknown Error
[2025-12-30T18:47:52.772] error: NVML: Failed to get usage(999): Unknown Error
[2025-12-30T18:47:53.779] error: NVML: Failed to get usage(999): Unknown Error
[2025-12-30T18:47:54.786] error: NVML: Failed to get usage(999): Unknown Error
[2025-12-30T18:48:22.217] error: NVML: Failed to get usage(999): Unknown Error
[2025-12-30T18:48:24.245] error: NVML: Failed to get usage(999): Unknown Error
[2025-12-30T18:48:25.257] error: NVML: Failed to get usage(999): Unknown Error
[2025-12-30T18:48:52.775] error: NVML: Failed to get usage(999): Unknown Error
[2025-12-30T18:48:53.782] error: NVML: Failed to get usage(999): Unknown Error
[2025-12-30T18:48:54.789] error: NVML: Failed to get usage(999): Unknown Error
[2025-12-30T18:49:23.210] error: NVML: Failed to get usage(999): Unknown Error
[2025-12-30T18:49:24.244] error: NVML: Failed to get usage(999): Unknown Error
[2025-12-30T18:49:25.255] error: NVML: Failed to get usage(999): Unknown Error
[2025-12-30T18:49:52.772] error: NVML: Failed to get usage(999): Unknown Error
[2025-12-30T18:49:53.779] error: NVML: Failed to get usage(999): Unknown Error
[2025-12-30T18:49:54.785] error: NVML: Failed to get usage(999): Unknown Error
[2025-12-30T18:50:22.211] error: NVML: Failed to get usage(999): Unknown Error
[2025-12-30T18:50:24.246] error: NVML: Failed to get usage(999): Unknown Error
[2025-12-30T18:50:25.257] error: NVML: Failed to get usage(999): Unknown Error
[2025-12-30T18:50:52.772] error: NVML: Failed to get usage(999): Unknown Error
[2025-12-30T18:50:53.779] error: NVML: Failed to get usage(999): Unknown Error
[2025-12-30T18:50:54.786] error: NVML: Failed to get usage(999): Unknown Error
[2025-12-30T18:51:23.220] error: NVML: Failed to get usage(999): Unknown Error
[2025-12-30T18:51:24.246] error: NVML: Failed to get usage(999): Unknown Error
[2025-12-30T18:51:25.257] error: NVML: Failed to get usage(999): Unknown Error
[2025-12-30T18:51:52.772] error: NVML: Failed to get usage(999): Unknown Error
[2025-12-30T18:51:53.779] error: NVML: Failed to get usage(999): Unknown Error
[2025-12-30T18:51:54.786] error: NVML: Failed to get usage(999): Unknown Error
[2025-12-30T18:52:22.208] error: NVML: Failed to get usage(999): Unknown Error
[2025-12-30T18:52:24.242] error: NVML: Failed to get usage(999): Unknown Error
[2025-12-30T18:52:25.253] error: NVML: Failed to get usage(999): Unknown Error
[2025-12-30T18:52:52.772] error: NVML: Failed to get usage(999): Unknown Error
[2025-12-30T18:52:53.779] error: NVML: Failed to get usage(999): Unknown Error
[2025-12-30T18:52:54.786] error: NVML: Failed to get usage(999): Unknown Error
[2025-12-30T18:53:23.218] error: NVML: Failed to get usage(999): Unknown Error
[2025-12-30T18:53:24.245] error: NVML: Failed to get usage(999): Unknown Error
[2025-12-30T18:53:25.257] error: NVML: Failed to get usage(999): Unknown Error
[2025-12-30T18:53:52.772] error: NVML: Failed to get usage(999): Unknown Error
[2025-12-30T18:53:53.779] error: NVML: Failed to get usage(999): Unknown Error
[2025-12-30T18:53:54.786] error: NVML: Failed to get usage(999): Unknown Error
[2025-12-30T18:54:23.221] error: NVML: Failed to get usage(999): Unknown Error
[2025-12-30T18:54:24.248] error: NVML: Failed to get usage(999): Unknown Error
[2025-12-30T18:54:25.260] error: NVML: Failed to get usage(999): Unknown Error
[2025-12-30T18:54:52.772] error: NVML: Failed to get usage(999): Unknown Error
[2025-12-30T18:54:53.779] error: NVML: Failed to get usage(999): Unknown Error
[2025-12-30T18:54:54.785] error: NVML: Failed to get usage(999): Unknown Error
[2025-12-30T18:55:23.222] error: NVML: Failed to get usage(999): Unknown Error
[2025-12-30T18:55:24.248] error: NVML: Failed to get usage(999): Unknown Error
[2025-12-30T18:55:25.260] error: NVML: Failed to get usage(999): Unknown Error
[2025-12-30T18:55:52.772] error: NVML: Failed to get usage(999): Unknown Error
[2025-12-30T18:55:53.779] error: NVML: Failed to get usage(999): Unknown Error
[2025-12-30T18:55:54.786] error: NVML: Failed to get usage(999): Unknown Error
[2025-12-30T18:56:22.219] error: NVML: Failed to get usage(999): Unknown Error
[2025-12-30T18:56:24.245] error: NVML: Failed to get usage(999): Unknown Error
[2025-12-30T18:56:25.256] error: NVML: Failed to get usage(999): Unknown Error
[2025-12-30T18:56:52.772] error: NVML: Failed to get usage(999): Unknown Error
[2025-12-30T18:56:53.779] error: NVML: Failed to get usage(999): Unknown Error
[2025-12-30T18:56:54.786] error: NVML: Failed to get usage(999): Unknown Error
[2025-12-30T18:57:23.219] error: NVML: Failed to get usage(999): Unknown Error
[2025-12-30T18:57:24.245] error: NVML: Failed to get usage(999): Unknown Error
[2025-12-30T18:57:25.257] error: NVML: Failed to get usage(999): Unknown Error
[2025-12-30T18:57:52.772] error: NVML: Failed to get usage(999): Unknown Error
[2025-12-30T18:57:53.779] error: NVML: Failed to get usage(999): Unknown Error
[2025-12-30T18:57:54.786] error: NVML: Failed to get usage(999): Unknown Error
[2025-12-30T18:58:23.212] error: NVML: Failed to get usage(999): Unknown Error
[2025-12-30T18:58:24.244] error: NVML: Failed to get usage(999): Unknown Error
[2025-12-30T18:58:25.255] error: NVML: Failed to get usage(999): Unknown Error
[2025-12-30T18:58:52.773] error: NVML: Failed to get usage(999): Unknown Error
[2025-12-30T18:58:53.780] error: NVML: Failed to get usage(999): Unknown Error
[2025-12-30T18:58:54.787] error: NVML: Failed to get usage(999): Unknown Error
[2025-12-30T18:59:22.211] error: NVML: Failed to get usage(999): Unknown Error
[2025-12-30T18:59:24.247] error: NVML: Failed to get usage(999): Unknown Error
[2025-12-30T18:59:25.257] error: NVML: Failed to get usage(999): Unknown Error
[2025-12-30T18:59:52.772] error: NVML: Failed to get usage(999): Unknown Error
[2025-12-30T18:59:53.779] error: NVML: Failed to get usage(999): Unknown Error
[2025-12-30T18:59:54.786] error: NVML: Failed to get usage(999): Unknown Error
[2025-12-30T19:00:23.220] error: NVML: Failed to get usage(999): Unknown Error
[2025-12-30T19:00:24.246] error: NVML: Failed to get usage(999): Unknown Error
[2025-12-30T19:00:25.258] error: NVML: Failed to get usage(999): Unknown Error
[2025-12-30T19:00:52.772] error: NVML: Failed to get usage(999): Unknown Error
[2025-12-30T19:00:53.779] error: NVML: Failed to get usage(999): Unknown Error
[2025-12-30T19:00:54.786] error: NVML: Failed to get usage(999): Unknown Error
[2025-12-30T19:01:23.210] error: NVML: Failed to get usage(999): Unknown Error
[2025-12-30T19:01:24.244] error: NVML: Failed to get usage(999): Unknown Error
[2025-12-30T19:01:25.255] error: NVML: Failed to get usage(999): Unknown Error
[2025-12-30T19:01:52.772] error: NVML: Failed to get usage(999): Unknown Error
[2025-12-30T19:01:53.779] error: NVML: Failed to get usage(999): Unknown Error
[2025-12-30T19:01:54.786] error: NVML: Failed to get usage(999): Unknown Error
[2025-12-30T19:02:22.221] error: NVML: Failed to get usage(999): Unknown Error
[2025-12-30T19:02:24.247] error: NVML: Failed to get usage(999): Unknown Error
[2025-12-30T19:02:25.259] error: NVML: Failed to get usage(999): Unknown Error
[2025-12-30T19:02:52.772] error: NVML: Failed to get usage(999): Unknown Error
[2025-12-30T19:02:53.779] error: NVML: Failed to get usage(999): Unknown Error
[2025-12-30T19:02:54.786] error: NVML: Failed to get usage(999): Unknown Error
[2025-12-30T19:03:22.220] error: NVML: Failed to get usage(999): Unknown Error
[2025-12-30T19:03:24.246] error: NVML: Failed to get usage(999): Unknown Error
[2025-12-30T19:03:25.258] error: NVML: Failed to get usage(999): Unknown Error
[2025-12-30T19:03:52.772] error: NVML: Failed to get usage(999): Unknown Error
[2025-12-30T19:03:53.779] error: NVML: Failed to get usage(999): Unknown Error
[2025-12-30T19:03:54.786] error: NVML: Failed to get usage(999): Unknown Error
[2025-12-30T19:04:22.221] error: NVML: Failed to get usage(999): Unknown Error
[2025-12-30T19:04:24.248] error: NVML: Failed to get usage(999): Unknown Error
[2025-12-30T19:04:25.261] error: NVML: Failed to get usage(999): Unknown Error
[2025-12-30T19:04:52.773] error: NVML: Failed to get usage(999): Unknown Error
[2025-12-30T19:04:53.780] error: NVML: Failed to get usage(999): Unknown Error
[2025-12-30T19:04:54.787] error: NVML: Failed to get usage(999): Unknown Error
[2025-12-30T19:05:22.219] error: NVML: Failed to get usage(999): Unknown Error
[2025-12-30T19:05:24.245] error: NVML: Failed to get usage(999): Unknown Error
[2025-12-30T19:05:25.256] error: NVML: Failed to get usage(999): Unknown Error
[2025-12-30T19:05:52.772] error: NVML: Failed to get usage(999): Unknown Error
[2025-12-30T19:05:53.779] error: NVML: Failed to get usage(999): Unknown Error
[2025-12-30T19:05:54.786] error: NVML: Failed to get usage(999): Unknown Error
[2025-12-30T19:06:22.209] error: NVML: Failed to get usage(999): Unknown Error
[2025-12-30T19:06:24.242] error: NVML: Failed to get usage(999): Unknown Error
[2025-12-30T19:06:25.253] error: NVML: Failed to get usage(999): Unknown Error
[2025-12-30T19:06:52.772] error: NVML: Failed to get usage(999): Unknown Error
[2025-12-30T19:06:53.779] error: NVML: Failed to get usage(999): Unknown Error
[2025-12-30T19:06:54.786] error: NVML: Failed to get usage(999): Unknown Error
[2025-12-30T19:07:23.212] error: NVML: Failed to get usage(999): Unknown Error
[2025-12-30T19:07:24.244] error: NVML: Failed to get usage(999): Unknown Error
[2025-12-30T19:07:25.255] error: NVML: Failed to get usage(999): Unknown Error
[2025-12-30T19:07:52.772] error: NVML: Failed to get usage(999): Unknown Error
[2025-12-30T19:07:53.779] error: NVML: Failed to get usage(999): Unknown Error
[2025-12-30T19:07:54.785] error: NVML: Failed to get usage(999): Unknown Error
[2025-12-30T19:08:22.213] error: NVML: Failed to get usage(999): Unknown Error
[2025-12-30T19:08:24.241] error: NVML: Failed to get usage(999): Unknown Error
[2025-12-30T19:08:25.252] error: NVML: Failed to get usage(999): Unknown Error
[2025-12-30T19:08:52.772] error: NVML: Failed to get usage(999): Unknown Error
[2025-12-30T19:08:53.780] error: NVML: Failed to get usage(999): Unknown Error
[2025-12-30T19:08:54.787] error: NVML: Failed to get usage(999): Unknown Error
[2025-12-30T19:09:22.209] error: NVML: Failed to get usage(999): Unknown Error
[2025-12-30T19:09:24.244] error: NVML: Failed to get usage(999): Unknown Error
[2025-12-30T19:09:25.255] error: NVML: Failed to get usage(999): Unknown Error
[2025-12-30T19:09:52.773] error: NVML: Failed to get usage(999): Unknown Error
[2025-12-30T19:09:53.781] error: NVML: Failed to get usage(999): Unknown Error
[2025-12-30T19:09:54.788] error: NVML: Failed to get usage(999): Unknown Error
[2025-12-30T19:10:23.215] error: NVML: Failed to get usage(999): Unknown Error
[2025-12-30T19:10:24.241] error: NVML: Failed to get usage(999): Unknown Error
[2025-12-30T19:10:25.253] error: NVML: Failed to get usage(999): Unknown Error
[2025-12-30T19:10:52.772] error: NVML: Failed to get usage(999): Unknown Error
[2025-12-30T19:10:53.780] error: NVML: Failed to get usage(999): Unknown Error
[2025-12-30T19:10:54.787] error: NVML: Failed to get usage(999): Unknown Error
[2025-12-30T19:11:22.211] error: NVML: Failed to get usage(999): Unknown Error
[2025-12-30T19:11:24.246] error: NVML: Failed to get usage(999): Unknown Error
[2025-12-30T19:11:25.256] error: NVML: Failed to get usage(999): Unknown Error
[2025-12-30T19:11:52.773] error: NVML: Failed to get usage(999): Unknown Error
[2025-12-30T19:11:53.780] error: NVML: Failed to get usage(999): Unknown Error
[2025-12-30T19:11:54.787] error: NVML: Failed to get usage(999): Unknown Error
[2025-12-30T19:12:22.208] error: NVML: Failed to get usage(999): Unknown Error
[2025-12-30T19:12:24.242] error: NVML: Failed to get usage(999): Unknown Error
[2025-12-30T19:12:25.252] error: NVML: Failed to get usage(999): Unknown Error
[2025-12-30T19:12:52.772] error: NVML: Failed to get usage(999): Unknown Error
[2025-12-30T19:12:53.779] error: NVML: Failed to get usage(999): Unknown Error
[2025-12-30T19:12:54.785] error: NVML: Failed to get usage(999): Unknown Error
[2025-12-30T19:13:23.216] error: NVML: Failed to get usage(999): Unknown Error
[2025-12-30T19:13:24.243] error: NVML: Failed to get usage(999): Unknown Error
[2025-12-30T19:13:25.255] error: NVML: Failed to get usage(999): Unknown Error
[2025-12-30T19:13:52.772] error: NVML: Failed to get usage(999): Unknown Error
[2025-12-30T19:13:53.789] error: NVML: Failed to get usage(999): Unknown Error
[2025-12-30T19:13:54.796] error: NVML: Failed to get usage(999): Unknown Error
[2025-12-30T19:14:22.218] error: NVML: Failed to get usage(999): Unknown Error
[2025-12-30T19:14:24.244] error: NVML: Failed to get usage(999): Unknown Error
[2025-12-30T19:14:25.256] error: NVML: Failed to get usage(999): Unknown Error
[2025-12-30T19:14:52.773] error: NVML: Failed to get usage(999): Unknown Error
[2025-12-30T19:14:53.780] error: NVML: Failed to get usage(999): Unknown Error
[2025-12-30T19:14:54.787] error: NVML: Failed to get usage(999): Unknown Error
[2025-12-30T19:15:22.222] error: NVML: Failed to get usage(999): Unknown Error
[2025-12-30T19:15:24.248] error: NVML: Failed to get usage(999): Unknown Error
[2025-12-30T19:15:25.260] error: NVML: Failed to get usage(999): Unknown Error
[2025-12-30T19:15:52.772] error: NVML: Failed to get usage(999): Unknown Error
[2025-12-30T19:15:53.779] error: NVML: Failed to get usage(999): Unknown Error
[2025-12-30T19:15:54.785] error: NVML: Failed to get usage(999): Unknown Error
[2025-12-30T19:16:23.222] error: NVML: Failed to get usage(999): Unknown Error
[2025-12-30T19:16:24.247] error: NVML: Failed to get usage(999): Unknown Error
[2025-12-30T19:16:25.258] error: NVML: Failed to get usage(999): Unknown Error
[2025-12-30T19:16:52.773] error: NVML: Failed to get usage(999): Unknown Error
[2025-12-30T19:16:53.780] error: NVML: Failed to get usage(999): Unknown Error
[2025-12-30T19:16:54.787] error: NVML: Failed to get usage(999): Unknown Error
[2025-12-30T19:17:22.215] error: NVML: Failed to get usage(999): Unknown Error
[2025-12-30T19:17:24.244] error: NVML: Failed to get usage(999): Unknown Error
[2025-12-30T19:17:25.255] error: NVML: Failed to get usage(999): Unknown Error
[2025-12-30T19:17:52.772] error: NVML: Failed to get usage(999): Unknown Error
[2025-12-30T19:17:53.779] error: NVML: Failed to get usage(999): Unknown Error
[2025-12-30T19:17:54.786] error: NVML: Failed to get usage(999): Unknown Error
[2025-12-30T19:18:23.210] error: NVML: Failed to get usage(999): Unknown Error
[2025-12-30T19:18:24.242] error: NVML: Failed to get usage(999): Unknown Error
[2025-12-30T19:18:25.253] error: NVML: Failed to get usage(999): Unknown Error
[2025-12-30T19:18:52.772] error: NVML: Failed to get usage(999): Unknown Error
[2025-12-30T19:18:53.779] error: NVML: Failed to get usage(999): Unknown Error
[2025-12-30T19:18:54.786] error: NVML: Failed to get usage(999): Unknown Error
[2025-12-30T19:19:22.212] error: NVML: Failed to get usage(999): Unknown Error
[2025-12-30T19:19:24.247] error: NVML: Failed to get usage(999): Unknown Error
[2025-12-30T19:19:25.258] error: NVML: Failed to get usage(999): Unknown Error
[2025-12-30T19:19:52.773] error: NVML: Failed to get usage(999): Unknown Error
[2025-12-30T19:19:53.780] error: NVML: Failed to get usage(999): Unknown Error
[2025-12-30T19:19:54.786] error: NVML: Failed to get usage(999): Unknown Error
[2025-12-30T19:20:22.219] error: NVML: Failed to get usage(999): Unknown Error
[2025-12-30T19:20:24.245] error: NVML: Failed to get usage(999): Unknown Error
[2025-12-30T19:20:25.256] error: NVML: Failed to get usage(999): Unknown Error
[2025-12-30T19:20:52.772] error: NVML: Failed to get usage(999): Unknown Error
[2025-12-30T19:20:53.779] error: NVML: Failed to get usage(999): Unknown Error
[2025-12-30T19:20:54.786] error: NVML: Failed to get usage(999): Unknown Error
[2025-12-30T19:21:23.222] error: NVML: Failed to get usage(999): Unknown Error
[2025-12-30T19:21:24.248] error: NVML: Failed to get usage(999): Unknown Error
[2025-12-30T19:21:25.259] error: NVML: Failed to get usage(999): Unknown Error
[2025-12-30T19:21:52.773] error: NVML: Failed to get usage(999): Unknown Error
[2025-12-30T19:21:53.780] error: NVML: Failed to get usage(999): Unknown Error
[2025-12-30T19:21:54.787] error: NVML: Failed to get usage(999): Unknown Error
[2025-12-30T19:22:23.217] error: NVML: Failed to get usage(999): Unknown Error
[2025-12-30T19:22:24.245] error: NVML: Failed to get usage(999): Unknown Error
[2025-12-30T19:22:25.256] error: NVML: Failed to get usage(999): Unknown Error
[2025-12-30T19:22:52.772] error: NVML: Failed to get usage(999): Unknown Error
[2025-12-30T19:22:53.779] error: NVML: Failed to get usage(999): Unknown Error
[2025-12-30T19:22:54.786] error: NVML: Failed to get usage(999): Unknown Error
[2025-12-30T19:23:22.215] error: NVML: Failed to get usage(999): Unknown Error
[2025-12-30T19:23:24.245] error: NVML: Failed to get usage(999): Unknown Error
[2025-12-30T19:23:25.256] error: NVML: Failed to get usage(999): Unknown Error
[2025-12-30T19:23:52.773] error: NVML: Failed to get usage(999): Unknown Error
[2025-12-30T19:23:53.780] error: NVML: Failed to get usage(999): Unknown Error
[2025-12-30T19:23:54.787] error: NVML: Failed to get usage(999): Unknown Error
[2025-12-30T19:24:23.217] error: NVML: Failed to get usage(999): Unknown Error
[2025-12-30T19:24:24.243] error: NVML: Failed to get usage(999): Unknown Error
[2025-12-30T19:24:25.256] error: NVML: Failed to get usage(999): Unknown Error
[2025-12-30T19:24:52.772] error: NVML: Failed to get usage(999): Unknown Error
[2025-12-30T19:24:53.779] error: NVML: Failed to get usage(999): Unknown Error
[2025-12-30T19:24:54.786] error: NVML: Failed to get usage(999): Unknown Error
[2025-12-30T19:25:22.216] error: NVML: Failed to get usage(999): Unknown Error
[2025-12-30T19:25:24.245] error: NVML: Failed to get usage(999): Unknown Error
[2025-12-30T19:25:25.256] error: NVML: Failed to get usage(999): Unknown Error
[2025-12-30T19:25:52.773] error: NVML: Failed to get usage(999): Unknown Error
[2025-12-30T19:25:53.780] error: NVML: Failed to get usage(999): Unknown Error
[2025-12-30T19:25:54.787] error: NVML: Failed to get usage(999): Unknown Error
[2025-12-30T19:26:22.216] error: NVML: Failed to get usage(999): Unknown Error
[2025-12-30T19:26:24.245] error: NVML: Failed to get usage(999): Unknown Error
[2025-12-30T19:26:25.256] error: NVML: Failed to get usage(999): Unknown Error
[2025-12-30T19:26:52.772] error: NVML: Failed to get usage(999): Unknown Error
[2025-12-30T19:26:53.779] error: NVML: Failed to get usage(999): Unknown Error
[2025-12-30T19:26:54.786] error: NVML: Failed to get usage(999): Unknown Error
[2025-12-30T19:27:22.219] error: NVML: Failed to get usage(999): Unknown Error
[2025-12-30T19:27:24.245] error: NVML: Failed to get usage(999): Unknown Error
[2025-12-30T19:27:25.256] error: NVML: Failed to get usage(999): Unknown Error
[2025-12-30T19:27:52.772] error: NVML: Failed to get usage(999): Unknown Error
[2025-12-30T19:27:53.779] error: NVML: Failed to get usage(999): Unknown Error
[2025-12-30T19:27:54.786] error: NVML: Failed to get usage(999): Unknown Error
[2025-12-30T19:28:22.210] error: NVML: Failed to get usage(999): Unknown Error
[2025-12-30T19:28:24.243] error: NVML: Failed to get usage(999): Unknown Error
[2025-12-30T19:28:25.254] error: NVML: Failed to get usage(999): Unknown Error
[2025-12-30T19:28:52.773] error: NVML: Failed to get usage(999): Unknown Error
[2025-12-30T19:28:53.780] error: NVML: Failed to get usage(999): Unknown Error
[2025-12-30T19:28:54.787] error: NVML: Failed to get usage(999): Unknown Error
[2025-12-30T19:29:23.221] error: NVML: Failed to get usage(999): Unknown Error
[2025-12-30T19:29:24.248] error: NVML: Failed to get usage(999): Unknown Error
[2025-12-30T19:29:25.259] error: NVML: Failed to get usage(999): Unknown Error
[2025-12-30T19:29:52.774] error: NVML: Failed to get usage(999): Unknown Error
[2025-12-30T19:29:53.781] error: NVML: Failed to get usage(999): Unknown Error
[2025-12-30T19:29:54.788] error: NVML: Failed to get usage(999): Unknown Error
[2025-12-30T19:30:23.217] error: NVML: Failed to get usage(999): Unknown Error
[2025-12-30T19:30:24.245] error: NVML: Failed to get usage(999): Unknown Error
[2025-12-30T19:30:25.256] error: NVML: Failed to get usage(999): Unknown Error
[2025-12-30T19:30:52.772] error: NVML: Failed to get usage(999): Unknown Error
[2025-12-30T19:30:53.779] error: NVML: Failed to get usage(999): Unknown Error
[2025-12-30T19:30:54.786] error: NVML: Failed to get usage(999): Unknown Error
[2025-12-30T19:31:22.210] error: NVML: Failed to get usage(999): Unknown Error
[2025-12-30T19:31:24.243] error: NVML: Failed to get usage(999): Unknown Error
[2025-12-30T19:31:25.253] error: NVML: Failed to get usage(999): Unknown Error
[2025-12-30T19:31:52.772] error: NVML: Failed to get usage(999): Unknown Error
[2025-12-30T19:31:53.779] error: NVML: Failed to get usage(999): Unknown Error
[2025-12-30T19:31:54.786] error: NVML: Failed to get usage(999): Unknown Error
[2025-12-30T19:32:22.217] error: NVML: Failed to get usage(999): Unknown Error
[2025-12-30T19:32:24.244] error: NVML: Failed to get usage(999): Unknown Error
[2025-12-30T19:32:25.256] error: NVML: Failed to get usage(999): Unknown Error
[2025-12-30T19:32:52.772] error: NVML: Failed to get usage(999): Unknown Error
[2025-12-30T19:32:53.779] error: NVML: Failed to get usage(999): Unknown Error
[2025-12-30T19:32:54.786] error: NVML: Failed to get usage(999): Unknown Error
[2025-12-30T19:33:23.217] error: NVML: Failed to get usage(999): Unknown Error
[2025-12-30T19:33:24.245] error: NVML: Failed to get usage(999): Unknown Error
[2025-12-30T19:33:25.256] error: NVML: Failed to get usage(999): Unknown Error
[2025-12-30T19:33:52.772] error: NVML: Failed to get usage(999): Unknown Error
[2025-12-30T19:33:53.779] error: NVML: Failed to get usage(999): Unknown Error
[2025-12-30T19:33:54.786] error: NVML: Failed to get usage(999): Unknown Error
[2025-12-30T19:34:23.219] error: NVML: Failed to get usage(999): Unknown Error
[2025-12-30T19:34:24.246] error: NVML: Failed to get usage(999): Unknown Error
[2025-12-30T19:34:25.257] error: NVML: Failed to get usage(999): Unknown Error
[2025-12-30T19:34:52.772] error: NVML: Failed to get usage(999): Unknown Error
[2025-12-30T19:34:53.779] error: NVML: Failed to get usage(999): Unknown Error
[2025-12-30T19:34:54.786] error: NVML: Failed to get usage(999): Unknown Error
[2025-12-30T19:35:23.216] error: NVML: Failed to get usage(999): Unknown Error
[2025-12-30T19:35:24.244] error: NVML: Failed to get usage(999): Unknown Error
[2025-12-30T19:35:25.255] error: NVML: Failed to get usage(999): Unknown Error
[2025-12-30T19:35:52.772] error: NVML: Failed to get usage(999): Unknown Error
[2025-12-30T19:35:53.779] error: NVML: Failed to get usage(999): Unknown Error
[2025-12-30T19:35:54.785] error: NVML: Failed to get usage(999): Unknown Error
[2025-12-30T19:36:23.213] error: NVML: Failed to get usage(999): Unknown Error
[2025-12-30T19:36:24.242] error: NVML: Failed to get usage(999): Unknown Error
[2025-12-30T19:36:25.253] error: NVML: Failed to get usage(999): Unknown Error
[2025-12-30T19:36:52.772] error: NVML: Failed to get usage(999): Unknown Error
[2025-12-30T19:36:53.779] error: NVML: Failed to get usage(999): Unknown Error
[2025-12-30T19:36:54.786] error: NVML: Failed to get usage(999): Unknown Error
[2025-12-30T19:37:22.215] error: NVML: Failed to get usage(999): Unknown Error
[2025-12-30T19:37:24.245] error: NVML: Failed to get usage(999): Unknown Error
[2025-12-30T19:37:25.257] error: NVML: Failed to get usage(999): Unknown Error
[2025-12-30T19:37:52.772] error: NVML: Failed to get usage(999): Unknown Error
[2025-12-30T19:37:53.779] error: NVML: Failed to get usage(999): Unknown Error
[2025-12-30T19:37:54.786] error: NVML: Failed to get usage(999): Unknown Error
[2025-12-30T19:38:23.215] error: NVML: Failed to get usage(999): Unknown Error
[2025-12-30T19:38:24.242] error: NVML: Failed to get usage(999): Unknown Error
[2025-12-30T19:38:25.253] error: NVML: Failed to get usage(999): Unknown Error
[2025-12-30T19:38:52.773] error: NVML: Failed to get usage(999): Unknown Error
[2025-12-30T19:38:53.780] error: NVML: Failed to get usage(999): Unknown Error
[2025-12-30T19:38:54.787] error: NVML: Failed to get usage(999): Unknown Error
[2025-12-30T19:39:22.211] error: NVML: Failed to get usage(999): Unknown Error
[2025-12-30T19:39:24.246] error: NVML: Failed to get usage(999): Unknown Error
[2025-12-30T19:39:25.257] error: NVML: Failed to get usage(999): Unknown Error
[2025-12-30T19:39:52.772] error: NVML: Failed to get usage(999): Unknown Error
[2025-12-30T19:39:53.779] error: NVML: Failed to get usage(999): Unknown Error
[2025-12-30T19:39:54.786] error: NVML: Failed to get usage(999): Unknown Error
[2025-12-30T19:40:22.216] error: NVML: Failed to get usage(999): Unknown Error
[2025-12-30T19:40:24.246] error: NVML: Failed to get usage(999): Unknown Error
[2025-12-30T19:40:25.258] error: NVML: Failed to get usage(999): Unknown Error
[2025-12-30T19:40:52.772] error: NVML: Failed to get usage(999): Unknown Error
[2025-12-30T19:40:53.779] error: NVML: Failed to get usage(999): Unknown Error
[2025-12-30T19:40:54.786] error: NVML: Failed to get usage(999): Unknown Error
[2025-12-30T19:41:23.222] error: NVML: Failed to get usage(999): Unknown Error
[2025-12-30T19:41:24.248] error: NVML: Failed to get usage(999): Unknown Error
[2025-12-30T19:41:25.259] error: NVML: Failed to get usage(999): Unknown Error
[2025-12-30T19:41:52.772] error: NVML: Failed to get usage(999): Unknown Error
[2025-12-30T19:41:53.779] error: NVML: Failed to get usage(999): Unknown Error
[2025-12-30T19:41:54.786] error: NVML: Failed to get usage(999): Unknown Error
[2025-12-30T19:42:22.215] error: NVML: Failed to get usage(999): Unknown Error
[2025-12-30T19:42:24.244] error: NVML: Failed to get usage(999): Unknown Error
[2025-12-30T19:42:25.255] error: NVML: Failed to get usage(999): Unknown Error
[2025-12-30T19:42:52.772] error: NVML: Failed to get usage(999): Unknown Error
[2025-12-30T19:42:53.779] error: NVML: Failed to get usage(999): Unknown Error
[2025-12-30T19:42:54.785] error: NVML: Failed to get usage(999): Unknown Error
[2025-12-30T19:43:23.211] error: NVML: Failed to get usage(999): Unknown Error
[2025-12-30T19:43:24.244] error: NVML: Failed to get usage(999): Unknown Error
[2025-12-30T19:43:25.255] error: NVML: Failed to get usage(999): Unknown Error
[2025-12-30T19:43:52.772] error: NVML: Failed to get usage(999): Unknown Error
[2025-12-30T19:43:53.779] error: NVML: Failed to get usage(999): Unknown Error
[2025-12-30T19:43:54.786] error: NVML: Failed to get usage(999): Unknown Error
[2025-12-30T19:44:23.223] error: NVML: Failed to get usage(999): Unknown Error
[2025-12-30T19:44:24.249] error: NVML: Failed to get usage(999): Unknown Error
[2025-12-30T19:44:25.260] error: NVML: Failed to get usage(999): Unknown Error
[2025-12-30T19:44:52.772] error: NVML: Failed to get usage(999): Unknown Error
[2025-12-30T19:44:53.779] error: NVML: Failed to get usage(999): Unknown Error
[2025-12-30T19:44:54.786] error: NVML: Failed to get usage(999): Unknown Error
[2025-12-30T19:45:23.223] error: NVML: Failed to get usage(999): Unknown Error
[2025-12-30T19:45:24.250] error: NVML: Failed to get usage(999): Unknown Error
[2025-12-30T19:45:25.263] error: NVML: Failed to get usage(999): Unknown Error
[2025-12-30T19:45:52.772] error: NVML: Failed to get usage(999): Unknown Error
[2025-12-30T19:45:53.779] error: NVML: Failed to get usage(999): Unknown Error
[2025-12-30T19:45:54.786] error: NVML: Failed to get usage(999): Unknown Error
[2025-12-30T19:46:22.213] error: NVML: Failed to get usage(999): Unknown Error
[2025-12-30T19:46:24.246] error: NVML: Failed to get usage(999): Unknown Error
[2025-12-30T19:46:25.257] error: NVML: Failed to get usage(999): Unknown Error
[2025-12-30T19:46:52.772] error: NVML: Failed to get usage(999): Unknown Error
[2025-12-30T19:46:53.779] error: NVML: Failed to get usage(999): Unknown Error
[2025-12-30T19:46:54.786] error: NVML: Failed to get usage(999): Unknown Error
[2025-12-30T19:47:23.209] error: NVML: Failed to get usage(999): Unknown Error
[2025-12-30T19:47:24.243] error: NVML: Failed to get usage(999): Unknown Error
[2025-12-30T19:47:25.254] error: NVML: Failed to get usage(999): Unknown Error
[2025-12-30T19:47:52.772] error: NVML: Failed to get usage(999): Unknown Error
[2025-12-30T19:47:53.779] error: NVML: Failed to get usage(999): Unknown Error
[2025-12-30T19:47:54.786] error: NVML: Failed to get usage(999): Unknown Error
[2025-12-30T19:48:22.215] error: NVML: Failed to get usage(999): Unknown Error
[2025-12-30T19:48:24.243] error: NVML: Failed to get usage(999): Unknown Error
[2025-12-30T19:48:25.254] error: NVML: Failed to get usage(999): Unknown Error
[2025-12-30T19:48:52.772] error: NVML: Failed to get usage(999): Unknown Error
[2025-12-30T19:48:53.779] error: NVML: Failed to get usage(999): Unknown Error
[2025-12-30T19:48:54.786] error: NVML: Failed to get usage(999): Unknown Error
[2025-12-30T19:49:22.219] error: NVML: Failed to get usage(999): Unknown Error
[2025-12-30T19:49:24.247] error: NVML: Failed to get usage(999): Unknown Error
[2025-12-30T19:49:25.259] error: NVML: Failed to get usage(999): Unknown Error
[2025-12-30T19:49:52.772] error: NVML: Failed to get usage(999): Unknown Error
[2025-12-30T19:49:53.779] error: NVML: Failed to get usage(999): Unknown Error
[2025-12-30T19:49:54.786] error: NVML: Failed to get usage(999): Unknown Error
[2025-12-30T19:50:22.209] error: NVML: Failed to get usage(999): Unknown Error
[2025-12-30T19:50:24.242] error: NVML: Failed to get usage(999): Unknown Error
[2025-12-30T19:50:25.252] error: NVML: Failed to get usage(999): Unknown Error
[2025-12-30T19:50:52.772] error: NVML: Failed to get usage(999): Unknown Error
[2025-12-30T19:50:53.779] error: NVML: Failed to get usage(999): Unknown Error
[2025-12-30T19:50:54.786] error: NVML: Failed to get usage(999): Unknown Error
[2025-12-30T19:51:22.218] error: NVML: Failed to get usage(999): Unknown Error
[2025-12-30T19:51:24.244] error: NVML: Failed to get usage(999): Unknown Error
[2025-12-30T19:51:25.256] error: NVML: Failed to get usage(999): Unknown Error
[2025-12-30T19:51:52.772] error: NVML: Failed to get usage(999): Unknown Error
[2025-12-30T19:51:53.779] error: NVML: Failed to get usage(999): Unknown Error
[2025-12-30T19:51:54.786] error: NVML: Failed to get usage(999): Unknown Error
[2025-12-30T19:52:22.210] error: NVML: Failed to get usage(999): Unknown Error
[2025-12-30T19:52:24.244] error: NVML: Failed to get usage(999): Unknown Error
[2025-12-30T19:52:25.255] error: NVML: Failed to get usage(999): Unknown Error
[2025-12-30T19:52:52.772] error: NVML: Failed to get usage(999): Unknown Error
[2025-12-30T19:52:53.779] error: NVML: Failed to get usage(999): Unknown Error
[2025-12-30T19:52:54.786] error: NVML: Failed to get usage(999): Unknown Error
[2025-12-30T19:53:23.220] error: NVML: Failed to get usage(999): Unknown Error
[2025-12-30T19:53:24.246] error: NVML: Failed to get usage(999): Unknown Error
[2025-12-30T19:53:25.257] error: NVML: Failed to get usage(999): Unknown Error
[2025-12-30T19:53:52.772] error: NVML: Failed to get usage(999): Unknown Error
[2025-12-30T19:53:53.779] error: NVML: Failed to get usage(999): Unknown Error
[2025-12-30T19:53:54.786] error: NVML: Failed to get usage(999): Unknown Error
[2025-12-30T19:54:23.218] error: NVML: Failed to get usage(999): Unknown Error
[2025-12-30T19:54:24.245] error: NVML: Failed to get usage(999): Unknown Error
[2025-12-30T19:54:25.256] error: NVML: Failed to get usage(999): Unknown Error
[2025-12-30T19:54:52.772] error: NVML: Failed to get usage(999): Unknown Error
[2025-12-30T19:54:53.779] error: NVML: Failed to get usage(999): Unknown Error
[2025-12-30T19:54:54.786] error: NVML: Failed to get usage(999): Unknown Error
[2025-12-30T19:55:23.211] error: NVML: Failed to get usage(999): Unknown Error
[2025-12-30T19:55:24.244] error: NVML: Failed to get usage(999): Unknown Error
[2025-12-30T19:55:25.255] error: NVML: Failed to get usage(999): Unknown Error
[2025-12-30T19:55:52.772] error: NVML: Failed to get usage(999): Unknown Error
[2025-12-30T19:55:53.779] error: NVML: Failed to get usage(999): Unknown Error
[2025-12-30T19:55:54.786] error: NVML: Failed to get usage(999): Unknown Error
[2025-12-30T19:56:22.209] error: NVML: Failed to get usage(999): Unknown Error
[2025-12-30T19:56:24.242] error: NVML: Failed to get usage(999): Unknown Error
[2025-12-30T19:56:25.253] error: NVML: Failed to get usage(999): Unknown Error
[2025-12-30T19:56:52.773] error: NVML: Failed to get usage(999): Unknown Error
[2025-12-30T19:56:53.780] error: NVML: Failed to get usage(999): Unknown Error
[2025-12-30T19:56:54.787] error: NVML: Failed to get usage(999): Unknown Error
[2025-12-30T19:57:23.221] error: NVML: Failed to get usage(999): Unknown Error
[2025-12-30T19:57:24.247] error: NVML: Failed to get usage(999): Unknown Error
[2025-12-30T19:57:25.259] error: NVML: Failed to get usage(999): Unknown Error
[2025-12-30T19:57:52.772] error: NVML: Failed to get usage(999): Unknown Error
[2025-12-30T19:57:53.779] error: NVML: Failed to get usage(999): Unknown Error
[2025-12-30T19:57:54.786] error: NVML: Failed to get usage(999): Unknown Error
[2025-12-30T19:58:23.216] error: NVML: Failed to get usage(999): Unknown Error
[2025-12-30T19:58:24.244] error: NVML: Failed to get usage(999): Unknown Error
[2025-12-30T19:58:25.255] error: NVML: Failed to get usage(999): Unknown Error
[2025-12-30T19:58:52.772] error: NVML: Failed to get usage(999): Unknown Error
[2025-12-30T19:58:53.779] error: NVML: Failed to get usage(999): Unknown Error
[2025-12-30T19:58:54.786] error: NVML: Failed to get usage(999): Unknown Error
[2025-12-30T19:59:22.222] error: NVML: Failed to get usage(999): Unknown Error
[2025-12-30T19:59:24.249] error: NVML: Failed to get usage(999): Unknown Error
[2025-12-30T19:59:25.260] error: NVML: Failed to get usage(999): Unknown Error
[2025-12-30T19:59:52.772] error: NVML: Failed to get usage(999): Unknown Error
[2025-12-30T19:59:53.779] error: NVML: Failed to get usage(999): Unknown Error
[2025-12-30T19:59:54.786] error: NVML: Failed to get usage(999): Unknown Error
[2025-12-30T20:00:23.219] error: NVML: Failed to get usage(999): Unknown Error
[2025-12-30T20:00:24.245] error: NVML: Failed to get usage(999): Unknown Error
[2025-12-30T20:00:25.258] error: NVML: Failed to get usage(999): Unknown Error
[2025-12-30T20:00:52.774] error: NVML: Failed to get usage(999): Unknown Error
[2025-12-30T20:00:53.781] error: NVML: Failed to get usage(999): Unknown Error
[2025-12-30T20:00:54.787] error: NVML: Failed to get usage(999): Unknown Error
[2025-12-30T20:01:22.211] error: NVML: Failed to get usage(999): Unknown Error
[2025-12-30T20:01:24.244] error: NVML: Failed to get usage(999): Unknown Error
[2025-12-30T20:01:25.254] error: NVML: Failed to get usage(999): Unknown Error
[2025-12-30T20:01:52.773] error: NVML: Failed to get usage(999): Unknown Error
[2025-12-30T20:01:53.780] error: NVML: Failed to get usage(999): Unknown Error
[2025-12-30T20:01:54.787] error: NVML: Failed to get usage(999): Unknown Error
[2025-12-30T20:02:23.220] error: NVML: Failed to get usage(999): Unknown Error
[2025-12-30T20:02:24.246] error: NVML: Failed to get usage(999): Unknown Error
[2025-12-30T20:02:25.258] error: NVML: Failed to get usage(999): Unknown Error
[2025-12-30T20:02:52.772] error: NVML: Failed to get usage(999): Unknown Error
[2025-12-30T20:02:53.779] error: NVML: Failed to get usage(999): Unknown Error
[2025-12-30T20:02:54.786] error: NVML: Failed to get usage(999): Unknown Error
[2025-12-30T20:03:22.208] error: NVML: Failed to get usage(999): Unknown Error
[2025-12-30T20:03:24.245] error: NVML: Failed to get usage(999): Unknown Error
[2025-12-30T20:03:25.256] error: NVML: Failed to get usage(999): Unknown Error
[2025-12-30T20:03:52.772] error: NVML: Failed to get usage(999): Unknown Error
[2025-12-30T20:03:53.779] error: NVML: Failed to get usage(999): Unknown Error
[2025-12-30T20:03:54.786] error: NVML: Failed to get usage(999): Unknown Error
[2025-12-30T20:04:22.209] error: NVML: Failed to get usage(999): Unknown Error
[2025-12-30T20:04:24.244] error: NVML: Failed to get usage(999): Unknown Error
[2025-12-30T20:04:25.255] error: NVML: Failed to get usage(999): Unknown Error
[2025-12-30T20:04:52.772] error: NVML: Failed to get usage(999): Unknown Error
[2025-12-30T20:04:53.779] error: NVML: Failed to get usage(999): Unknown Error
[2025-12-30T20:04:54.786] error: NVML: Failed to get usage(999): Unknown Error
[2025-12-30T20:05:23.215] error: NVML: Failed to get usage(999): Unknown Error
[2025-12-30T20:05:24.243] error: NVML: Failed to get usage(999): Unknown Error
[2025-12-30T20:05:25.254] error: NVML: Failed to get usage(999): Unknown Error
[2025-12-30T20:05:52.773] error: NVML: Failed to get usage(999): Unknown Error
[2025-12-30T20:05:53.780] error: NVML: Failed to get usage(999): Unknown Error
[2025-12-30T20:05:54.786] error: NVML: Failed to get usage(999): Unknown Error
[2025-12-30T20:06:23.213] error: NVML: Failed to get usage(999): Unknown Error
[2025-12-30T20:06:24.248] error: NVML: Failed to get usage(999): Unknown Error
[2025-12-30T20:06:25.259] error: NVML: Failed to get usage(999): Unknown Error
[2025-12-30T20:06:52.772] error: NVML: Failed to get usage(999): Unknown Error
[2025-12-30T20:06:53.779] error: NVML: Failed to get usage(999): Unknown Error
[2025-12-30T20:06:54.786] error: NVML: Failed to get usage(999): Unknown Error
[2025-12-30T20:07:23.220] error: NVML: Failed to get usage(999): Unknown Error
[2025-12-30T20:07:24.247] error: NVML: Failed to get usage(999): Unknown Error
[2025-12-30T20:07:25.258] error: NVML: Failed to get usage(999): Unknown Error
[2025-12-30T20:07:52.772] error: NVML: Failed to get usage(999): Unknown Error
[2025-12-30T20:07:53.779] error: NVML: Failed to get usage(999): Unknown Error
[2025-12-30T20:07:54.786] error: NVML: Failed to get usage(999): Unknown Error
[2025-12-30T20:08:23.220] error: NVML: Failed to get usage(999): Unknown Error
[2025-12-30T20:08:24.247] error: NVML: Failed to get usage(999): Unknown Error
[2025-12-30T20:08:25.258] error: NVML: Failed to get usage(999): Unknown Error
[2025-12-30T20:08:52.772] error: NVML: Failed to get usage(999): Unknown Error
[2025-12-30T20:08:53.779] error: NVML: Failed to get usage(999): Unknown Error
[2025-12-30T20:08:54.786] error: NVML: Failed to get usage(999): Unknown Error
[2025-12-30T20:09:22.214] error: NVML: Failed to get usage(999): Unknown Error
[2025-12-30T20:09:24.243] error: NVML: Failed to get usage(999): Unknown Error
[2025-12-30T20:09:25.256] error: NVML: Failed to get usage(999): Unknown Error
[2025-12-30T20:09:52.772] error: NVML: Failed to get usage(999): Unknown Error
[2025-12-30T20:09:53.780] error: NVML: Failed to get usage(999): Unknown Error
[2025-12-30T20:09:54.787] error: NVML: Failed to get usage(999): Unknown Error
[2025-12-30T20:10:23.219] error: NVML: Failed to get usage(999): Unknown Error
[2025-12-30T20:10:24.248] error: NVML: Failed to get usage(999): Unknown Error
[2025-12-30T20:10:25.259] error: NVML: Failed to get usage(999): Unknown Error
[2025-12-30T20:10:52.772] error: NVML: Failed to get usage(999): Unknown Error
[2025-12-30T20:10:53.779] error: NVML: Failed to get usage(999): Unknown Error
[2025-12-30T20:10:54.786] error: NVML: Failed to get usage(999): Unknown Error
[2025-12-30T20:11:23.220] error: NVML: Failed to get usage(999): Unknown Error
[2025-12-30T20:11:24.248] error: NVML: Failed to get usage(999): Unknown Error
[2025-12-30T20:11:25.260] error: NVML: Failed to get usage(999): Unknown Error
[2025-12-30T20:11:52.772] error: NVML: Failed to get usage(999): Unknown Error
[2025-12-30T20:11:53.779] error: NVML: Failed to get usage(999): Unknown Error
[2025-12-30T20:11:54.786] error: NVML: Failed to get usage(999): Unknown Error
[2025-12-30T20:12:22.220] error: NVML: Failed to get usage(999): Unknown Error
[2025-12-30T20:12:24.249] error: NVML: Failed to get usage(999): Unknown Error
[2025-12-30T20:12:25.261] error: NVML: Failed to get usage(999): Unknown Error
[2025-12-30T20:12:52.772] error: NVML: Failed to get usage(999): Unknown Error
[2025-12-30T20:12:53.779] error: NVML: Failed to get usage(999): Unknown Error
[2025-12-30T20:12:54.786] error: NVML: Failed to get usage(999): Unknown Error
[2025-12-30T20:13:22.217] error: NVML: Failed to get usage(999): Unknown Error
[2025-12-30T20:13:24.247] error: NVML: Failed to get usage(999): Unknown Error
[2025-12-30T20:13:25.259] error: NVML: Failed to get usage(999): Unknown Error
[2025-12-30T20:13:52.772] error: NVML: Failed to get usage(999): Unknown Error
[2025-12-30T20:13:53.779] error: NVML: Failed to get usage(999): Unknown Error
[2025-12-30T20:13:54.785] error: NVML: Failed to get usage(999): Unknown Error
[2025-12-30T20:14:23.218] error: NVML: Failed to get usage(999): Unknown Error
[2025-12-30T20:14:24.246] error: NVML: Failed to get usage(999): Unknown Error
[2025-12-30T20:14:25.259] error: NVML: Failed to get usage(999): Unknown Error
[2025-12-30T20:14:52.772] error: NVML: Failed to get usage(999): Unknown Error
[2025-12-30T20:14:53.779] error: NVML: Failed to get usage(999): Unknown Error
[2025-12-30T20:14:54.786] error: NVML: Failed to get usage(999): Unknown Error
[2025-12-30T20:15:22.221] error: NVML: Failed to get usage(999): Unknown Error
[2025-12-30T20:15:24.247] error: NVML: Failed to get usage(999): Unknown Error
[2025-12-30T20:15:25.261] error: NVML: Failed to get usage(999): Unknown Error
[2025-12-30T20:15:52.772] error: NVML: Failed to get usage(999): Unknown Error
[2025-12-30T20:15:53.779] error: NVML: Failed to get usage(999): Unknown Error
[2025-12-30T20:15:54.785] error: NVML: Failed to get usage(999): Unknown Error
[2025-12-30T20:16:22.220] error: NVML: Failed to get usage(999): Unknown Error
[2025-12-30T20:16:24.246] error: NVML: Failed to get usage(999): Unknown Error
[2025-12-30T20:16:25.259] error: NVML: Failed to get usage(999): Unknown Error
[2025-12-30T20:16:52.772] error: NVML: Failed to get usage(999): Unknown Error
[2025-12-30T20:16:53.779] error: NVML: Failed to get usage(999): Unknown Error
[2025-12-30T20:16:54.785] error: NVML: Failed to get usage(999): Unknown Error
[2025-12-30T20:17:23.221] error: NVML: Failed to get usage(999): Unknown Error
[2025-12-30T20:17:24.246] error: NVML: Failed to get usage(999): Unknown Error
[2025-12-30T20:17:25.259] error: NVML: Failed to get usage(999): Unknown Error
[2025-12-30T20:17:52.772] error: NVML: Failed to get usage(999): Unknown Error
[2025-12-30T20:17:53.779] error: NVML: Failed to get usage(999): Unknown Error
[2025-12-30T20:17:54.786] error: NVML: Failed to get usage(999): Unknown Error
[2025-12-30T20:18:23.213] error: NVML: Failed to get usage(999): Unknown Error
[2025-12-30T20:18:24.246] error: NVML: Failed to get usage(999): Unknown Error
[2025-12-30T20:18:25.257] error: NVML: Failed to get usage(999): Unknown Error
[2025-12-30T20:18:52.772] error: NVML: Failed to get usage(999): Unknown Error
[2025-12-30T20:18:53.779] error: NVML: Failed to get usage(999): Unknown Error
[2025-12-30T20:18:54.786] error: NVML: Failed to get usage(999): Unknown Error
[2025-12-30T20:19:22.219] error: NVML: Failed to get usage(999): Unknown Error
[2025-12-30T20:19:24.245] error: NVML: Failed to get usage(999): Unknown Error
[2025-12-30T20:19:25.256] error: NVML: Failed to get usage(999): Unknown Error
[2025-12-30T20:19:52.772] error: NVML: Failed to get usage(999): Unknown Error
[2025-12-30T20:19:53.780] error: NVML: Failed to get usage(999): Unknown Error
[2025-12-30T20:19:54.787] error: NVML: Failed to get usage(999): Unknown Error
[2025-12-30T20:20:23.216] error: NVML: Failed to get usage(999): Unknown Error
[2025-12-30T20:20:24.244] error: NVML: Failed to get usage(999): Unknown Error
[2025-12-30T20:20:25.256] error: NVML: Failed to get usage(999): Unknown Error
[2025-12-30T20:20:52.772] error: NVML: Failed to get usage(999): Unknown Error
[2025-12-30T20:20:53.779] error: NVML: Failed to get usage(999): Unknown Error
[2025-12-30T20:20:54.785] error: NVML: Failed to get usage(999): Unknown Error
[2025-12-30T20:21:16.504] error: *** JOB 14767348 ON gpua062 CANCELLED AT 2025-12-30T20:21:16 DUE TO TIME LIMIT ***
[2025-12-30T20:21:22.210] error: NVML: Failed to get usage(999): Unknown Error
[2025-12-30T20:21:24.244] error: NVML: Failed to get usage(999): Unknown Error
[2025-12-30T20:21:25.256] error: NVML: Failed to get usage(999): Unknown Error
[2025-12-30T20:21:26.267] error: NVML: Failed to get usage(999): Unknown Error
[2025-12-30T20:23:27.000] error: namespace_p_join: open failed for /local/slurmjobs/14767348/.ns: No such file or directory
[2025-12-30T20:23:27.001] error: namespace_g_join(14767348): No such file or directory
s-nail: Cannot find a usable character set to encode message: No such entry, file or directory
s-nail: ... message not sent
[2025-12-30T20:23:28.000] error: *** JOB 14767348 STEPD TERMINATED ON gpua062 AT 2025-12-30T20:23:26 DUE TO JOB NOT ENDING WITH SIGNALS ***
[2025-12-30T20:23:33.269] error: Container 87763 in cgroup plugin has 2 processes, giving up after 127 sec
